# name: test_query_all_forms[First result-1st-float]
  <class 'dict'> {
    'allForms': <class 'dict'> {
      'edges': <class 'list'> [
        <class 'dict'> {
          'node': <class 'dict'> {
            'description': 'First result',
            'id': 'Rm9ybTplZmZvcnQtbWVldA==',
            'meta': <class 'dict'> {
            },
            'name': '1st',
            'questions': <class 'dict'> {
              'edges': <class 'list'> [
                <class 'dict'> {
                  'node': <class 'dict'> {
                    'id': 'RmxvYXRRdWVzdGlvbjphY3Jvc3MtZW52aXJvbm1lbnQ=',
                    'label': 'Tyler Valencia',
                    'slug': 'across-environment',
                  },
                },
              ],
            },
            'slug': 'effort-meet',
          },
        },
        <class 'dict'> {
          'node': <class 'dict'> {
            'description': 'Second result',
            'id': 'Rm9ybTpraXRjaGVuLWRldmVsb3A=',
            'meta': <class 'dict'> {
            },
            'name': '2nd',
            'questions': <class 'dict'> {
              'edges': <class 'list'> [
              ],
            },
            'slug': 'kitchen-develop',
          },
        },
        <class 'dict'> {
          'node': <class 'dict'> {
            'description': 'Second result',
            'id': 'Rm9ybTpzZXJ2aWNlLWJhbmstYXJt',
            'meta': <class 'dict'> {
            },
            'name': '3rd',
            'questions': <class 'dict'> {
              'edges': <class 'list'> [
              ],
            },
            'slug': 'service-bank-arm',
          },
        },
      ],
    },
  }
---
# name: test_remove_form_question
  <class 'OrderedDict'> {
    'removeFormQuestion': <class 'dict'> {
      'clientMutationId': None,
      'form': <class 'dict'> {
        'questions': <class 'dict'> {
          'edges': <class 'list'> [
          ],
        },
      },
    },
  }
---
# name: test_save_form[-de]
  <class 'OrderedDict'> {
    'saveForm': <class 'dict'> {
      'clientMutationId': 'testid',
      'form': <class 'dict'> {
        'id': 'Rm9ybTplZmZvcnQtbWVldA==',
        'meta': <class 'dict'> {
        },
        'name': 'Brian Williams',
        'slug': 'effort-meet',
      },
    },
  }
---
# name: test_save_form[-en]
  <class 'OrderedDict'> {
    'saveForm': <class 'dict'> {
      'clientMutationId': 'testid',
      'form': <class 'dict'> {
        'id': 'Rm9ybTplZmZvcnQtbWVldA==',
        'meta': <class 'dict'> {
        },
        'name': 'Brian Williams',
        'slug': 'effort-meet',
      },
    },
  }
---
# name: test_save_form[some description text-de]
  <class 'OrderedDict'> {
    'saveForm': <class 'dict'> {
      'clientMutationId': 'testid',
      'form': <class 'dict'> {
        'id': 'Rm9ybTplZmZvcnQtbWVldA==',
        'meta': <class 'dict'> {
        },
        'name': 'Brian Williams',
        'slug': 'effort-meet',
      },
    },
  }
---
# name: test_save_form[some description text-en]
  <class 'OrderedDict'> {
    'saveForm': <class 'dict'> {
      'clientMutationId': 'testid',
      'form': <class 'dict'> {
        'id': 'Rm9ybTplZmZvcnQtbWVldA==',
        'meta': <class 'dict'> {
        },
        'name': 'Brian Williams',
        'slug': 'effort-meet',
      },
    },
  }
---
